[backblue.gif]
[fade.gif]
[index.html]
[www.medrie.nl/index.html]
[www.medrie.nl/liegt-ein-notfall-vor-notfallzentrum-nur-fur-notfalle/index.html]
[www.medrie.nl/need-to-see-a-gp-urgently-general-practitioners-clinic-for-emergencies-only/index.html]
[www.medrie.nl/patienten/index.html]
[www.medrie.nl/patienten/met-spoed-een-huisarts-nodig-bel-0900-333-6-333/index.html]
[www.medrie.nl/patienten/informatie-voor-patienten/index.html]
[www.medrie.nl/patienten/uw-ervaringen-als-patient/index.html]
[www.medrie.nl/clientenraad/index.html]
[www.medrie.nl/klacht-compliment/index.html]
[www.medrie.nl/professionals/index.html]
[www.medrie.nl/professionals/ondersteuning-dagpraktijken/index.html]
[www.medrie.nl/professionals/huisarts-aios-worden-in-de-medrie-regio/index.html]
[www.medrie.nl/medrie-actueel/index.html]
[www.medrie.nl/over-medrie/index.html]
[www.medrie.nl/contact/index.html]
[www.medrie.nl/nieuws/index.html]
[www.medrie.nl/privacy/index.html]
[www.medrie.nl/veilig-mailen-met-medrie/index.html]
[www.medrie.nl/algemene-voorwaarden/index.html]
[www.medrie.nl/wetenschappelijk-onderzoek/index.html]
[www.medrie.nl/disclaimer/index.html]
[www.medrie.nl/liegt-ein-notfall-vor-notfallzentrum-nur-fur-notfalle.html]
[www.medrie.nl/need-to-see-a-gp-urgently-general-practitioners-clinic-for-emergencies-only.html]
[www.medrie.nl/patienten.html]
[www.medrie.nl/patienten/met-spoed-een-huisarts-nodig-bel-0900-333-6-333.html]
[www.medrie.nl/patienten/informatie-voor-patienten.html]
[www.medrie.nl/patienten/uw-ervaringen-als-patient.html]
[www.medrie.nl/clientenraad.html]
[www.medrie.nl/klacht-compliment.html]
[www.medrie.nl/professionals.html]
[www.medrie.nl/professionals/ondersteuning-dagpraktijken.html]
[www.medrie.nl/professionals/huisarts-aios-worden-in-de-medrie-regio.html]
[www.medrie.nl/medrie-actueel.html]
[www.medrie.nl/over-medrie.html]
[www.medrie.nl/contact.html]
[www.medrie.nl/nieuws.html]
[www.medrie.nl/privacy.html]
[www.medrie.nl/veilig-mailen-met-medrie.html]
[www.medrie.nl/algemene-voorwaarden.html]
[www.medrie.nl/wetenschappelijk-onderzoek.html]
[www.medrie.nl/disclaimer.html]
[www.medrie.nl/aandachtspunten-bellen-0900-nummer-huisartsenpost/index.html]
[www.medrie.nl/patienten/met-spoed-een-huisarts-nodig-bel-0900-333-6-333/bellen-met-huisartsenpost-welke-gegevens-bij-de-hand/index.html]
[www.medrie.nl/patienten/met-spoed-een-huisarts-nodig-bel-0900-333-6-333/wanneer-moet-ik-contact-opnemen-met-de-huisartsenpost/index.html]
[www.medrie.nl/patienten/met-spoed-een-huisarts-nodig-bel-0900-333-6-333/hoe-werkt-de-huisartsenpost/index.html]
[www.medrie.nl/patienten/met-spoed-een-huisarts-nodig-bel-0900-333-6-333/de-huisartsenposten-van-medrie/index.html]
[www.medrie.nl/patienten/met-spoed-een-huisarts-nodig-bel-0900-333-6-333/veelgestelde-vragen/index.html]
[www.medrie.nl/patienten/met-spoed-een-huisarts-nodig-bel-0900-333-6-333/op-vakantie-in-de-regio-en-met-spoed-een-huisarts-nodig/index.html]
[www.medrie.nl/patienten/informatie-voor-patienten/oogfoto-maken-zwolle-genemuiden-heerde-heino-elburg-kampen/index.html]
[www.medrie.nl/patienten/informatie-voor-patienten/folders-voor-patienten/index.html]
[www.medrie.nl/patienten/informatie-voor-patienten/mijn-factuur/index.html]
[www.medrie.nl/patienten/informatie-voor-patienten/ketenzorg/index.html]
[www.medrie.nl/patienten/informatie-voor-patienten/handleidingen-patientenportaal/index.html]
[www.medrie.nl/complimentenformulier-huisartsenpost-of-ketenzorg/index.html]
[www.medrie.nl/klachtenformulier-huisartsenpost/index.html]
[www.medrie.nl/vacatures-bij-dagpraktijken.html]
[www.medrie.nl/professionals/ondersteuning-dagpraktijken/diabetes/index.html]
[www.medrie.nl/professionals/ondersteuning-dagpraktijken/copd/index.html]
[www.medrie.nl/professionals/ondersteuning-dagpraktijken/vrm/index.html]
[www.medrie.nl/professionals/ondersteuning-dagpraktijken/doorontwikkeling-chronische-zorg/index.html]
[www.medrie.nl/professionals/ondersteuning-dagpraktijken/samenwerken-in-de-wijk/index.html]
[www.medrie.nl/professionals/ondersteuning-dagpraktijken/ouderenzorg/index.html]
[www.medrie.nl/professionals/ondersteuning-dagpraktijken/gecombineerde-leefstijlinterventie/index.html]
[www.medrie.nl/professionals/ondersteuning-dagpraktijken/ggz/index.html]
[www.medrie.nl/professionals/ondersteuning-dagpraktijken/laaggeletterdheid/index.html]
[www.medrie.nl/professionals/ondersteuning-dagpraktijken/digivaardig-in-de-dagpraktijk/index.html]
[www.medrie.nl/professionals/ondersteuning-dagpraktijken/regio-organisatie/index.html]
[www.medrie.nl/professionals/ondersteuning-dagpraktijken/financien/index.html]
[www.medrie.nl/professionals/ondersteuning-dagpraktijken/keteninformatiesysteem-kis/index.html]
[www.medrie.nl/professionals/ondersteuning-dagpraktijken/no-show-beleid/index.html]
[www.medrie.nl/professionals/ondersteuning-dagpraktijken/rekentool-poh-s/index.html]
[www.medrie.nl/professionals/ondersteuning-dagpraktijken/opleiden/index.html]
[www.medrie.nl/professionals/ondersteuning-dagpraktijken/toekomstbestendige-huisartsenzorg/index.html]
[www.medrie.nl/professionals/huisarts-aios-worden-in-de-medrie-regio/huisarts-worden-in-onze-regio/index.html]
[www.medrie.nl/vacatures-huisartsen/index.html]
[www.medrie.nl/professionals/huisarts-aios-worden-in-de-medrie-regio/verhalen-van-collega-s/index.html]
[www.medrie.nl/professionals/huisarts-aios-worden-in-de-medrie-regio/aan-de-slag-als-aios/index.html]
[www.medrie.nl/medrie-actueelceeb.html]
[www.medrie.nl/medrie-actueel32e0.html]
[www.medrie.nl/medrie-actueel1582.html]
[www.medrie.nl/medrie-actueel/medrie-magazine-zomer-2024/index.html]
[www.medrie.nl/medrie-actueel/landelijke-publiekscampagne-huisartsenspoedposten-van-start/index.html]
[www.medrie.nl/medrie-actueel/vonnis-rechtbank-zwolle-rechtszaak-medrie-co-med/index.html]
[www.medrie.nl/medrie-actueel9302.html]
[www.medrie.nl/over-medrie/missie-visie-kernwaarden/index.html]
[www.medrie.nl/over-medrie/organisatie/index.html]
[www.medrie.nl/over-medrie/strategie/index.html]
[www.medrie.nl/over-medrie/innovatie/index.html]
[www.medrie.nl/over-medrie/jaarverslagen/index.html]
[www.medrie.nl/over-medrie/aandeelhouders/index.html]
[www.medrie.nl/professionals/ondersteuning-dagpraktijken/regio-organisatie/regio-flevoland/index.html]
[www.medrie.nl/professionals/ondersteuning-dagpraktijken/regio-organisatie/regio-hardenberg/index.html]
[www.medrie.nl/professionals/ondersteuning-dagpraktijken/regio-organisatie/regio-zwolle/index.html]
[www.medrie.nl/nieuwsceeb.html]
[www.medrie.nl/nieuws1582.html]
[www.medrie.nl/nieuws32e0.html]
[www.medrie.nl/nieuwsa87b.html]
[www.medrie.nl/nieuws/persoonsgericht-werken-belangrijk-thema-doorontwikkeling-chronische-zorg/index.html]
[www.medrie.nl/nieuws/voeding-en-leefstijl-in-de-chronische-zorg-d-d-3-december-2024/index.html]
[www.medrie.nl/nieuws/online-ervaringen-uitwisselen-mtvp/index.html]
[www.medrie.nl/nieuws9302.html]
[www.medrie.nl/veilig-mailen-met-medrie5c75.html]
[www.medrie.nl/aandachtspunten-bellen-0900-nummer-huisartsenpost.html]
[www.medrie.nl/patienten/met-spoed-een-huisarts-nodig-bel-0900-333-6-333/bellen-met-huisartsenpost-welke-gegevens-bij-de-hand.html]
[www.medrie.nl/patienten/met-spoed-een-huisarts-nodig-bel-0900-333-6-333/wanneer-moet-ik-contact-opnemen-met-de-huisartsenpost.html]
[www.medrie.nl/patienten/met-spoed-een-huisarts-nodig-bel-0900-333-6-333/hoe-werkt-de-huisartsenpost.html]
[www.medrie.nl/patienten/met-spoed-een-huisarts-nodig-bel-0900-333-6-333/de-huisartsenposten-van-medrie.html]
[www.medrie.nl/patienten/met-spoed-een-huisarts-nodig-bel-0900-333-6-333/veelgestelde-vragen.html]
[www.medrie.nl/patienten/met-spoed-een-huisarts-nodig-bel-0900-333-6-333/op-vakantie-in-de-regio-en-met-spoed-een-huisarts-nodig.html]
[www.medrie.nl/patienten/informatie-voor-patienten/oogfoto-maken-zwolle-genemuiden-heerde-heino-elburg-kampen.html]
[www.medrie.nl/patienten/informatie-voor-patienten/folders-voor-patienten.html]
[www.medrie.nl/patienten/informatie-voor-patienten/mijn-factuur.html]
[www.medrie.nl/patienten/informatie-voor-patienten/ketenzorg.html]
[www.medrie.nl/patienten/informatie-voor-patienten/handleidingen-patientenportaal.html]
[www.medrie.nl/complimentenformulier-huisartsenpost-of-ketenzorg.html]
[www.medrie.nl/klachtenformulier-huisartsenpost.html]
[www.medrie.nl/vacatures-bij-dagpraktijken/index.html]
[www.medrie.nl/vacatures-huisartsen.html]
[www.medrie.nl/vacatures-bij-dagpraktijken1582.html]
[www.medrie.nl/vacatures-bij-dagpraktijkenceeb.html]
[www.medrie.nl/vacatures-bij-dagpraktijken32e0.html]
[www.medrie.nl/vacatures-bij-dagpraktijken/vacature-praktijkmanager-genemuiden-24-uur-per-week/index.html]
[www.medrie.nl/vacatures-bij-dagpraktijken/vacature-doktersassistente-zwolle-32-uur-per-week/index.html]
[www.medrie.nl/vacatures-bij-dagpraktijken/vacature-doktersassistente-hasselt/index.html]
[www.medrie.nl/vacatures-bij-dagpraktijken9302.html]
[www.medrie.nl/professionals/ondersteuning-dagpraktijken/diabetes.html]
[www.medrie.nl/professionals/ondersteuning-dagpraktijken/copd.html]
